// Jest Snapshot v1, https://goo.gl/fbAQLP

exports[`FormTodo should match snapshot 1`] = `
<View
  style={
    {
      "flexDirection": "column",
      "flexWrap": "wrap",
      "marginBottom": 8,
    }
  }
>
  <TextInput
    onChangeText={[Function]}
    placeholder="write your todo here..."
    style={
      {
        "borderColor": "black",
        "borderRadius": 8,
        "borderWidth": 1,
        "marginBottom": 8,
        "padding": 8,
      }
    }
    value=""
  />
  <View
    accessibilityState={
      {
        "busy": undefined,
        "checked": undefined,
        "disabled": undefined,
        "expanded": undefined,
        "selected": undefined,
      }
    }
    accessibilityValue={
      {
        "max": undefined,
        "min": undefined,
        "now": undefined,
        "text": undefined,
      }
    }
    accessible={true}
    collapsable={false}
    focusable={true}
    onClick={[Function]}
    onResponderGrant={[Function]}
    onResponderMove={[Function]}
    onResponderRelease={[Function]}
    onResponderTerminate={[Function]}
    onResponderTerminationRequest={[Function]}
    onStartShouldSetResponder={[Function]}
    style={
      {
        "backgroundColor": "#DDDDDD",
        "borderRadius": 8,
        "marginBottom": 8,
        "opacity": 1,
        "padding": 8,
        "width": "100%",
      }
    }
  >
    <Text
      style={
        {
          "color": "black",
          "textAlign": "center",
        }
      }
    >
      Submit
    </Text>
  </View>
</View>
`;
