// Jest Snapshot v1, https://goo.gl/fbAQLP

exports[`Title should match snapshot 1`] = `
<Text
  style={
    {
      "marginBottom": 16,
      "textAlign": "center",
    }
  }
>
  Todo App!
</Text>
`;
